[backblue.gif]
[fade.gif]
[index.html]
[pastel.etherrich.com/mainpage/img/favicon.png]
[kit.fontawesome.com/6f1c30ed0f.js]
[pastel.etherrich.com/index-2.html]
[pastel.etherrich.com/assets/media/logos/logo_with_text.png]
[pastel.etherrich.com/mainpage/img/eth-badge-dark.png]
[pastel.etherrich.com/mainpage/img/eth-badge-dark_acceped.png]
[pastel.etherrich.com/mainpage/img/referraltable.png]
[pastel.etherrich.com/mainpage/img/why-1.png]
[pastel.etherrich.com/mainpage/img/why-2.png]
[pastel.etherrich.com/mainpage/img/why-3.png]
[pastel.etherrich.com/mainpage/img/why-4.png]
[pastel.etherrich.com/mainpage/img/why-5.png]
[pastel.etherrich.com/mainpage/img/why-6.png]
[pastel.etherrich.com/mainpage/img/man1.png]
[pastel.etherrich.com/mainpage/img/entry-eth.png]
[pastel.etherrich.com/mainpage/img/dashline.png]
[pastel.etherrich.com/mainpage/img/model-user-2.png]
[pastel.etherrich.com/mainpage/img/profit-eth.png]
[pastel.etherrich.com/mainpage/img/footer-bg.png]
[pastel.etherrich.com/mainpage/img/footer-top-shape.png]
[pastel.etherrich.com/assets/media/logos/logo-letter-9.png]
[pastel.etherrich.com/mainpage/js/jquery-3.5.0.min.js]
[pastel.etherrich.com/mainpage/js/popper.min.js]
[pastel.etherrich.com/mainpage/js/jquery.magnific-popup.min.js]
[pastel.etherrich.com/mainpage/js/jquery.easing.min.js]
[pastel.etherrich.com/mainpage/js/jquery.mb.YTPlayer.min.js]
[pastel.etherrich.com/mainpage/js/wow.min.js]
[pastel.etherrich.com/mainpage/js/owl.carousel.min.js]
[pastel.etherrich.com/mainpage/js/jquery.countdown.min.js]
[pastel.etherrich.com/mainpage/js/validator.min.js]
[pastel.etherrich.com/mainpage/js/scripts.js]
[pastel.etherrich.com/js/lang_manage.js]
[pastel.etherrich.com/assets/plugins/global/plugins.bundleb18f.js]
[pastel.etherrich.com/assets/plugins/custom/prismjs/prismjs.bundleb18f.js]
[pastel.etherrich.com/assets/js/scripts.bundleb18f.js]
[pastel.etherrich.com/index.html]
[pastel.etherrich.com/assets/js/pages/features/miscellaneous/toastrb18f.js]
[pastel.etherrich.com/mainpage/css/bootstrap.min.css]
[pastel.etherrich.com/mainpage/css/magnific-popup.css]
[pastel.etherrich.com/mainpage/fonts/themify9f24.eot]
[pastel.etherrich.com/mainpage/fonts/themifyd41d.eot]
[pastel.etherrich.com/mainpage/fonts/themify9f24.woff]
[pastel.etherrich.com/mainpage/fonts/themify9f24.ttf]
[pastel.etherrich.com/mainpage/css/themify-icons.css]
[pastel.etherrich.com/mainpage/css/animate.min.css]
[pastel.etherrich.com/mainpage/css/jquery.mb.YTPlayer.min.css]
[pastel.etherrich.com/mainpage/css/owl.carousel.min.css]
[pastel.etherrich.com/mainpage/css/owl.theme.default.min.css]
[pastel.etherrich.com/assets/plugins/global/fonts/keenthemes-icons/Ki.eot]
[pastel.etherrich.com/assets/plugins/global/fonts/keenthemes-icons/Kid41d.eot]
[pastel.etherrich.com/assets/plugins/global/fonts/keenthemes-icons/Ki.woff]
[pastel.etherrich.com/assets/plugins/global/fonts/keenthemes-icons/Ki.ttf]
[pastel.etherrich.com/assets/plugins/global/fonts/summernote/summernote.eot]
[pastel.etherrich.com/assets/plugins/global/fonts/summernote/summernoted41d.eot]
[pastel.etherrich.com/assets/plugins/global/fonts/summernote/summernote.woff]
[pastel.etherrich.com/assets/plugins/global/fonts/summernote/summernote.ttf]
[pastel.etherrich.com/assets/plugins/global/fonts/line-awesome/la-brands-400.eot]
[pastel.etherrich.com/assets/plugins/global/fonts/line-awesome/la-brands-400d41d.eot]
[pastel.etherrich.com/assets/plugins/global/fonts/line-awesome/la-brands-400.woff]
[pastel.etherrich.com/assets/plugins/global/fonts/line-awesome/la-brands-400.ttf]
[pastel.etherrich.com/assets/plugins/global/fonts/line-awesome/la-regular-400.eot]
[pastel.etherrich.com/assets/plugins/global/fonts/line-awesome/la-regular-400d41d.eot]
[pastel.etherrich.com/assets/plugins/global/fonts/line-awesome/la-regular-400.woff]
[pastel.etherrich.com/assets/plugins/global/fonts/line-awesome/la-regular-400.ttf]
[pastel.etherrich.com/assets/plugins/global/fonts/line-awesome/la-solid-900.eot]
[pastel.etherrich.com/assets/plugins/global/fonts/line-awesome/la-solid-900d41d.eot]
[pastel.etherrich.com/assets/plugins/global/fonts/line-awesome/la-solid-900.woff]
[pastel.etherrich.com/assets/plugins/global/fonts/line-awesome/la-solid-900.ttf]
[pastel.etherrich.com/assets/plugins/global/fonts/flaticon/Flaticon.eot]
[pastel.etherrich.com/assets/plugins/global/fonts/flaticon/Flaticond41d.eot]
[pastel.etherrich.com/assets/plugins/global/fonts/flaticon/Flaticon.woff]
[pastel.etherrich.com/assets/plugins/global/fonts/flaticon/Flaticon.ttf]
[pastel.etherrich.com/assets/plugins/global/fonts/flaticon2/Flaticon2.eot]
[pastel.etherrich.com/assets/plugins/global/fonts/flaticon2/Flaticon2d41d.eot]
[pastel.etherrich.com/assets/plugins/global/fonts/flaticon2/Flaticon2.woff]
[pastel.etherrich.com/assets/plugins/global/fonts/flaticon2/Flaticon2.ttf]
[pastel.etherrich.com/assets/plugins/global/fonts/socicon/socicon.eot]
[pastel.etherrich.com/assets/plugins/global/fonts/socicon/socicond41d.eot]
[pastel.etherrich.com/assets/plugins/global/fonts/socicon/socicon.woff]
[pastel.etherrich.com/assets/plugins/global/fonts/socicon/socicon.ttf]
[pastel.etherrich.com/assets/plugins/global/fonts/@fortawesome/fa-brands-400.eot]
[pastel.etherrich.com/assets/plugins/global/fonts/@fortawesome/fa-brands-400d41d.eot]
[pastel.etherrich.com/assets/plugins/global/fonts/@fortawesome/fa-brands-400.woff]
[pastel.etherrich.com/assets/plugins/global/fonts/@fortawesome/fa-brands-400.ttf]
[pastel.etherrich.com/assets/plugins/global/fonts/@fortawesome/fa-regular-400.eot]
[pastel.etherrich.com/assets/plugins/global/fonts/@fortawesome/fa-regular-400d41d.eot]
[pastel.etherrich.com/assets/plugins/global/fonts/@fortawesome/fa-regular-400.woff]
[pastel.etherrich.com/assets/plugins/global/fonts/@fortawesome/fa-regular-400.ttf]
[pastel.etherrich.com/assets/plugins/global/fonts/@fortawesome/fa-solid-900.eot]
[pastel.etherrich.com/assets/plugins/global/fonts/@fortawesome/fa-solid-900d41d.eot]
[pastel.etherrich.com/assets/plugins/global/fonts/@fortawesome/fa-solid-900.woff]
[pastel.etherrich.com/assets/plugins/global/fonts/@fortawesome/fa-solid-900.ttf]
[pastel.etherrich.com/assets/plugins/global/plugins.bundleb18f.css]
[pastel.etherrich.com/assets/plugins/custom/prismjs/prismjs.bundleb18f.css]
[pastel.etherrich.com/mainpage/img/hero-bg-2.jpg]
[pastel.etherrich.com/mainpage/img/phone-frame2.png]
[pastel.etherrich.com/mainpage/img/onlineglobalrichpool.png]
[pastel.etherrich.com/mainpage/css/style.css]
[pastel.etherrich.com/mainpage/css/responsive.css]
[pastel.etherrich.com/index-2.html]
[ajax.googleapis.com/ajax/libs/jquery/3.5.1/jquery.min.js]
[pastel.etherrich.com/signin.html]
[code.jquery.com/jquery-3.5.1.js]
[kit.fontawesome.com/8490f1dbbb.js]
[pastel.etherrich.com/signup.html]
[pastel.etherrich.com/assets/media/svg/flags/en.svg]
[pastel.etherrich.com/assets/media/svg/flags/ru.svg]
[pastel.etherrich.com/assets/media/svg/flags/zh.svg]
[pastel.etherrich.com/assets/media/svg/flags/ko.svg]
[pastel.etherrich.com/assets/media/svg/flags/ja.svg]
[pastel.etherrich.com/assets/media/svg/flags/es.svg]
[pastel.etherrich.com/assets/media/svg/flags/th.svg]
[pastel.etherrich.com/assets/media/svg/flags/vn.svg]
[pastel.etherrich.com/mainpage/img/ethnet02.svg]
[pastel.etherrich.com/mainpage/img/ethnet_coin01.svg]
[pastel.etherrich.com/mainpage/img/ethnet_coin02.svg]
[pastel.etherrich.com/mainpage/img/ethnet_coin03.svg]
[pastel.etherrich.com/mainpage/fonts/themify9f24.svg]
[pastel.etherrich.com/mainpage/css/font/ytp-regular.html]
[pastel.etherrich.com/mainpage/css/owl.video.play.html]
[pastel.etherrich.com/assets/plugins/global/fonts/keenthemes-icons/Ki.svg]
[pastel.etherrich.com/assets/plugins/global/fonts/summernote/summernote.html]
[pastel.etherrich.com/assets/plugins/global/fonts/line-awesome/la-brands-400.html]
[pastel.etherrich.com/assets/plugins/global/fonts/line-awesome/la-brands-400.svg]
[pastel.etherrich.com/assets/plugins/global/fonts/line-awesome/la-regular-400.html]
[pastel.etherrich.com/assets/plugins/global/fonts/line-awesome/la-regular-400.svg]
[pastel.etherrich.com/assets/plugins/global/fonts/line-awesome/la-solid-900.html]
[pastel.etherrich.com/assets/plugins/global/fonts/line-awesome/la-solid-900.svg]
[pastel.etherrich.com/assets/plugins/global/fonts/flaticon/Flaticon.svg]
[pastel.etherrich.com/assets/plugins/global/fonts/flaticon2/Flaticon2.svg]
[pastel.etherrich.com/assets/plugins/global/fonts/socicon/socicon.svg]
[pastel.etherrich.com/assets/plugins/global/fonts/@fortawesome/fa-brands-400.html]
[pastel.etherrich.com/assets/plugins/global/fonts/@fortawesome/fa-brands-400.svg]
[pastel.etherrich.com/assets/plugins/global/fonts/@fortawesome/fa-regular-400.html]
[pastel.etherrich.com/assets/plugins/global/fonts/@fortawesome/fa-regular-400.svg]
[pastel.etherrich.com/assets/plugins/global/fonts/@fortawesome/fa-solid-900.html]
[pastel.etherrich.com/assets/plugins/global/fonts/@fortawesome/fa-solid-900.svg]
[fonts.googleapis.com/earlyaccess/notosanskr.css]
[pastel.etherrich.com/mainpage/img/hero-bg-shape-3.svg]
[pastel.etherrich.com/mainpage/img/promo-icon-bg.svg]
[pastel.etherrich.com/mainpage/img/about-bg-shape.svg]
[pastel.etherrich.com/mainpage/img/shape-bg-right.svg]
[/assets/css/pages/login/classic/login-6b18f.css]
[/assets/plugins/global/plugins.bundleb18f.css]
[/assets/plugins/custom/prismjs/prismjs.bundleb18f.css]
[/assets/css/style.bundleb18f.css]
[/js/web3.min.js]
[/Content/Scripts/conf.js]
[/js/lang_manage.js]
[/Content/Scripts/Signin.js]
[/js/buttons.js]
[/js/socialjs.js]
[/assets/media/bg/bg-10.jpg]
[/assets/media/bg/bg-3.jpg]
[/assets/media/logos/logo-letter-13.png]
[/assets/media/wallet/meta_logo.png]
[/assets/media/wallet/trust_logo.png]
[/assets/plugins/global/plugins.bundleb18f.js]
[/assets/plugins/custom/prismjs/prismjs.bundleb18f.js]
[/assets/js/scripts.bundleb18f.js]
[/assets/js/pages/custom/login/login-generalb18f.js]
[/Content/assets/js/particles.min.js]
[/Content/assets/js/app.js]
[/mainpage/js/scripts.js]
[/assets/js/pages/features/miscellaneous/toastrb18f.js]
[/Content/Scripts/TransId.js]
[/Content/Scripts/Signine296e296.js]
